flutter : Target file "--info" not found.
At line:1 char:1
+ flutter build apk --release -- --info 2>&1 | Tee-Object -FilePath bui ...
+ ~~~~~~~~~~~~~~~~~~~~~~~~~~~~~~~~~~~~~~~~~~
    + CategoryInfo          : NotSpecified: (Target file "--info" not found.:S 
   tring) [], RemoteException
    + FullyQualifiedErrorId : NativeCommandError
 
